[    0.000000] Linux version 4.15.0-187-generic (buildd@lcy02-amd64-046) (gcc version 7.5.0 (Ubuntu 7.5.0-3ubuntu1~18.04)) #198-Ubuntu SMP Tue Jun 14 03:23:51 UTC 2022 (Ubuntu 4.15.0-187.198-generic 4.15.18)
[    0.000000] Command line: BOOT_IMAGE=/boot/vmlinuz-4.15.0-187-generic root=LABEL=cloudimg-rootfs ro console=tty1 console=ttyS0
[    0.000000] KERNEL supported cpus:
[    0.000000]   Intel GenuineIntel
[    0.000000]   AMD AuthenticAMD
[    0.000000]   Centaur CentaurHauls
[    0.000000] x86/fpu: x87 FPU will use FXSAVE
[    0.000000] e820: BIOS-provided physical RAM map:
[    0.000000] BIOS-e820: [mem 0x0000000000000000-0x000000000009fbff] usable
[    0.000000] BIOS-e820: [mem 0x000000000009fc00-0x000000000009ffff] reserved
[    0.000000] BIOS-e820: [mem 0x00000000000f0000-0x00000000000fffff] reserved
[    0.000000] BIOS-e820: [mem 0x0000000000100000-0x000000007ffeffff] usable
[    0.000000] BIOS-e820: [mem 0x000000007fff0000-0x000000007fffffff] ACPI data
[    0.000000] BIOS-e820: [mem 0x00000000fec00000-0x00000000fec00fff] reserved
[    0.000000] BIOS-e820: [mem 0x00000000fee00000-0x00000000fee00fff] reserved
[    0.000000] BIOS-e820: [mem 0x00000000fffc0000-0x00000000ffffffff] reserved
[    0.000000] NX (Execute Disable) protection: active
[    0.000000] SMBIOS 2.5 present.
[    0.000000] DMI: innotek GmbH VirtualBox/VirtualBox, BIOS VirtualBox 12/01/2006
[    0.000000] Hypervisor detected: KVM
[    0.000000] e820: last_pfn = 0x7fff0 max_arch_pfn = 0x400000000
[    0.000000] MTRR: Disabled
[    0.000000] x86/PAT: MTRRs disabled, skipping PAT initialization too.
[    0.000000] CPU MTRRs all blank - virtualized system.
[    0.000000] x86/PAT: Configuration [0-7]: WB  WT  UC- UC  WB  WT  UC- UC  
[    0.000000] found SMP MP-table at [mem 0x0009fff0-0x0009ffff]
[    0.000000] Scanning 1 areas for low memory corruption
[    0.000000] RAMDISK: [mem 0x359c9000-0x36cdbfff]
[    0.000000] ACPI: Early table checksum verification disabled
[    0.000000] ACPI: RSDP 0x00000000000E0000 000024 (v02 VBOX  )
[    0.000000] ACPI: XSDT 0x000000007FFF0030 00003C (v01 VBOX   VBOXXSDT 00000001 ASL  00000061)
[    0.000000] ACPI: FACP 0x000000007FFF00F0 0000F4 (v04 VBOX   VBOXFACP 00000001 ASL  00000061)
[    0.000000] ACPI: DSDT 0x000000007FFF0470 002325 (v02 VBOX   VBOXBIOS 00000002 INTL 20100528)
[    0.000000] ACPI: FACS 0x000000007FFF0200 000040
[    0.000000] ACPI: FACS 0x000000007FFF0200 000040
[    0.000000] ACPI: APIC 0x000000007FFF0240 00005C (v02 VBOX   VBOXAPIC 00000001 ASL  00000061)
[    0.000000] ACPI: SSDT 0x000000007FFF02A0 0001CC (v01 VBOX   VBOXCPUT 00000002 INTL 20100528)
[    0.000000] ACPI: Reserving FACP table memory at [mem 0x7fff00f0-0x7fff01e3]
[    0.000000] ACPI: Reserving DSDT table memory at [mem 0x7fff0470-0x7fff2794]
[    0.000000] ACPI: Reserving FACS table memory at [mem 0x7fff0200-0x7fff023f]
[    0.000000] ACPI: Reserving FACS table memory at [mem 0x7fff0200-0x7fff023f]
[    0.000000] ACPI: Reserving APIC table memory at [mem 0x7fff0240-0x7fff029b]
[    0.000000] ACPI: Reserving SSDT table memory at [mem 0x7fff02a0-0x7fff046b]
[    0.000000] No NUMA configuration found
[    0.000000] Faking a node at [mem 0x0000000000000000-0x000000007ffeffff]
[    0.000000] NODE_DATA(0) allocated [mem 0x7ffc5000-0x7ffeffff]
[    0.000000] kvm-clock: cpu 0, msr 0:7ff44001, primary cpu clock
[    0.000000] kvm-clock: Using msrs 4b564d01 and 4b564d00
[    0.000000] kvm-clock: using sched offset of 5485345356 cycles
[    0.000000] clocksource: kvm-clock: mask: 0xffffffffffffffff max_cycles: 0x1cd42e4dffb, max_idle_ns: 881590591483 ns
[    0.000000] Zone ranges:
[    0.000000]   DMA      [mem 0x0000000000001000-0x0000000000ffffff]
[    0.000000]   DMA32    [mem 0x0000000001000000-0x000000007ffeffff]
[    0.000000]   Normal   empty
[    0.000000]   Device   empty
[    0.000000] Movable zone start for each node
[    0.000000] Early memory node ranges
[    0.000000]   node   0: [mem 0x0000000000001000-0x000000000009efff]
[    0.000000]   node   0: [mem 0x0000000000100000-0x000000007ffeffff]
[    0.000000] Reserved but unavailable: 104 pages
[    0.000000] Initmem setup node 0 [mem 0x0000000000001000-0x000000007ffeffff]
[    0.000000] ACPI: PM-Timer IO Port: 0x4008
[    0.000000] IOAPIC[0]: apic_id 2, version 32, address 0xfec00000, GSI 0-23
[    0.000000] ACPI: INT_SRC_OVR (bus 0 bus_irq 0 global_irq 2 dfl dfl)
[    0.000000] ACPI: INT_SRC_OVR (bus 0 bus_irq 9 global_irq 9 low level)
[    0.000000] Using ACPI (MADT) for SMP configuration information
[    0.000000] smpboot: Allowing 2 CPUs, 0 hotplug CPUs
[    0.000000] PM: Registered nosave memory: [mem 0x00000000-0x00000fff]
[    0.000000] PM: Registered nosave memory: [mem 0x0009f000-0x0009ffff]
[    0.000000] PM: Registered nosave memory: [mem 0x000a0000-0x000effff]
[    0.000000] PM: Registered nosave memory: [mem 0x000f0000-0x000fffff]
[    0.000000] e820: [mem 0x80000000-0xfebfffff] available for PCI devices
[    0.000000] Booting paravirtualized kernel on KVM
[    0.000000] clocksource: refined-jiffies: mask: 0xffffffff max_cycles: 0xffffffff, max_idle_ns: 7645519600211568 ns
[    0.000000] random: get_random_bytes called from start_kernel+0x99/0x500 with crng_init=0
[    0.000000] setup_percpu: NR_CPUS:8192 nr_cpumask_bits:2 nr_cpu_ids:2 nr_node_ids:1
[    0.000000] percpu: Embedded 50 pages/cpu s167936 r8192 d28672 u1048576
[    0.000000] PV qspinlock hash table entries: 256 (order: 0, 4096 bytes)
[    0.000000] Built 1 zonelists, mobility grouping on.  Total pages: 515961
[    0.000000] Policy zone: DMA32
[    0.000000] Kernel command line: BOOT_IMAGE=/boot/vmlinuz-4.15.0-187-generic root=LABEL=cloudimg-rootfs ro console=tty1 console=ttyS0
[    0.000000] Memory: 2014836K/2096696K available (12300K kernel code, 2484K rwdata, 4324K rodata, 2468K init, 2724K bss, 81860K reserved, 0K cma-reserved)
[    0.000000] SLUB: HWalign=64, Order=0-3, MinObjects=0, CPUs=2, Nodes=1
[    0.000000] Kernel/User page tables isolation: enabled
[    0.000000] ftrace: allocating 39513 entries in 155 pages
[    0.004000] Hierarchical RCU implementation.
[    0.004000] 	RCU restricting CPUs from NR_CPUS=8192 to nr_cpu_ids=2.
[    0.004000] 	Tasks RCU enabled.
[    0.004000] RCU: Adjusting geometry for rcu_fanout_leaf=16, nr_cpu_ids=2
[    0.004000] NR_IRQS: 524544, nr_irqs: 440, preallocated irqs: 16
[    0.004000] Console: colour VGA+ 80x25
[    0.004000] console [tty1] enabled
[    0.004000] console [ttyS0] enabled
[    0.004000] ACPI: Core revision 20170831
[    0.004000] ACPI: 2 ACPI AML tables successfully acquired and loaded
[    0.004000] APIC: Switch to symmetric I/O mode setup
[    0.004000] ..TIMER: vector=0x30 apic1=0 pin1=2 apic2=-1 pin2=-1
[    0.004000] tsc: Detected 3402.052 MHz processor
[    0.004012] Calibrating delay loop (skipped) preset value.. 6804.10 BogoMIPS (lpj=13608208)
[    0.008004] pid_max: default: 32768 minimum: 301
[    0.012080] Security Framework initialized
[    0.016004] Yama: becoming mindful.
[    0.024103] AppArmor: AppArmor initialized
[    0.048695] Dentry cache hash table entries: 262144 (order: 9, 2097152 bytes)
[    0.061201] Inode-cache hash table entries: 131072 (order: 8, 1048576 bytes)
[    0.064188] Mount-cache hash table entries: 4096 (order: 3, 32768 bytes)
[    0.068167] Mountpoint-cache hash table entries: 4096 (order: 3, 32768 bytes)
[    0.074149] Last level iTLB entries: 4KB 512, 2MB 8, 4MB 8
[    0.076003] Last level dTLB entries: 4KB 512, 2MB 0, 4MB 0, 1GB 4
[    0.080005] Spectre V1 : Mitigation: usercopy/swapgs barriers and __user pointer sanitization
[    0.084004] Spectre V2 : Mitigation: Retpolines
[    0.088003] Spectre V2 : Spectre v2 / SpectreRSB mitigation: Filling RSB on context switch
[    0.092003] Speculative Store Bypass: Vulnerable
[    0.096047] MDS: Mitigation: Clear CPU buffers
[    0.100156] Freeing SMP alternatives memory: 36K
[    0.218994] smpboot: CPU0: Intel(R) Core(TM) i7-4930K CPU @ 3.40GHz (family: 0x6, model: 0x3e, stepping: 0x4)
[    0.220673] Performance Events: unsupported p6 CPU model 62 no PMU driver, software events only.
[    0.224147] Hierarchical SRCU implementation.
[    0.228988] NMI watchdog: Perf event create on CPU 0 failed with -2
[    0.232006] NMI watchdog: Perf NMI watchdog permanently disabled
[    0.240306] smp: Bringing up secondary CPUs ...
[    0.245516] x86: Booting SMP configuration:
[    0.248004] .... node  #0, CPUs:      #1
[    0.004000] kvm-clock: cpu 1, msr 0:7ff44041, secondary cpu clock
[    0.260000] TSC synchronization [CPU#0 -> CPU#1]:
[    0.260000] Measured 96981 cycles TSC warp between CPUs, turning off TSC clock.
[    0.260000] tsc: Marking TSC unstable due to check_tsc_sync_source failed
[    0.268367] smp: Brought up 1 node, 2 CPUs
[    0.272007] smpboot: Max logical packages: 1
[    0.276005] smpboot: Total of 2 processors activated (13608.20 BogoMIPS)
[    0.284007] devtmpfs: initialized
[    0.288144] x86/mm: Memory block size: 128MB
[    0.292960] evm: security.selinux
[    0.296004] evm: security.SMACK64
[    0.300003] evm: security.SMACK64EXEC
[    0.304003] evm: security.SMACK64TRANSMUTE
[    0.308003] evm: security.SMACK64MMAP
[    0.312003] evm: security.apparmor
[    0.316003] evm: security.ima
[    0.320003] evm: security.capability
[    0.324590] clocksource: jiffies: mask: 0xffffffff max_cycles: 0xffffffff, max_idle_ns: 7645041785100000 ns
[    0.328009] futex hash table entries: 512 (order: 3, 32768 bytes)
[    0.332198] pinctrl core: initialized pinctrl subsystem
[    0.340666] RTC time: 14:43:28, date: 06/25/22
[    0.345471] NET: Registered protocol family 16
[    0.348225] audit: initializing netlink subsys (disabled)
[    0.356096] audit: type=2000 audit(1656168214.971:1): state=initialized audit_enabled=0 res=1
[    0.368007] cpuidle: using governor ladder
[    0.372009] cpuidle: using governor menu
[    0.376034] ACPI: bus type PCI registered
[    0.380004] acpiphp: ACPI Hot Plug PCI Controller Driver version: 0.5
[    0.388654] PCI: Using configuration type 1 for base access
[    0.400342] HugeTLB registered 2.00 MiB page size, pre-allocated 0 pages
[    0.408589] ACPI: Added _OSI(Module Device)
[    0.412008] ACPI: Added _OSI(Processor Device)
[    0.416003] ACPI: Added _OSI(3.0 _SCP Extensions)
[    0.420004] ACPI: Added _OSI(Processor Aggregator Device)
[    0.424004] ACPI: Added _OSI(Linux-Dell-Video)
[    0.428004] ACPI: Added _OSI(Linux-Lenovo-NV-HDMI-Audio)
[    0.432004] ACPI: Added _OSI(Linux-HPI-Hybrid-Graphics)
[    0.437203] ACPI: Executed 1 blocks of module-level executable AML code
[    0.448531] ACPI: Interpreter enabled
[    0.452015] ACPI: (supports S0 S5)
[    0.456004] ACPI: Using IOAPIC for interrupt routing
[    0.460512] PCI: Using host bridge windows from ACPI; if necessary, use "pci=nocrs" and report a bug
[    0.464315] ACPI: Enabled 2 GPEs in block 00 to 07
[    0.482656] ACPI: PCI Root Bridge [PCI0] (domain 0000 [bus 00-ff])
[    0.484010] acpi PNP0A03:00: _OSC: OS supports [ASPM ClockPM Segments MSI]
[    0.489016] acpi PNP0A03:00: _OSC: not requesting OS control; OS requires [ExtendedConfig ASPM ClockPM MSI]
[    0.492016] acpi PNP0A03:00: fail to add MMCONFIG information, can't access extended PCI configuration space under this bridge.
[    0.500582] PCI host bridge to bus 0000:00
[    0.504005] pci_bus 0000:00: root bus resource [io  0x0000-0x0cf7 window]
[    0.508004] pci_bus 0000:00: root bus resource [io  0x0d00-0xffff window]
[    0.512005] pci_bus 0000:00: root bus resource [mem 0x000a0000-0x000bffff window]
[    0.516004] pci_bus 0000:00: root bus resource [mem 0x80000000-0xfdffffff window]
[    0.520005] pci_bus 0000:00: root bus resource [bus 00-ff]
[    0.534392] pci 0000:00:01.1: legacy IDE quirk: reg 0x10: [io  0x01f0-0x01f7]
[    0.536005] pci 0000:00:01.1: legacy IDE quirk: reg 0x14: [io  0x03f6]
[    0.540005] pci 0000:00:01.1: legacy IDE quirk: reg 0x18: [io  0x0170-0x0177]
[    0.544004] pci 0000:00:01.1: legacy IDE quirk: reg 0x1c: [io  0x0376]
[    0.622149] pci 0000:00:07.0: quirk: [io  0x4000-0x403f] claimed by PIIX4 ACPI
[    0.624054] pci 0000:00:07.0: quirk: [io  0x4100-0x410f] claimed by PIIX4 SMB
[    0.648660] ACPI: PCI Interrupt Link [LNKA] (IRQs 5 9 10 *11)
[    0.652764] ACPI: PCI Interrupt Link [LNKB] (IRQs 5 9 *10 11)
[    0.656281] ACPI: PCI Interrupt Link [LNKC] (IRQs 5 *9 10 11)
[    0.660292] ACPI: PCI Interrupt Link [LNKD] (IRQs 5 9 10 *11)
[    0.668238] SCSI subsystem initialized
[    0.676151] pci 0000:00:02.0: vgaarb: setting as boot VGA device
[    0.680000] pci 0000:00:02.0: vgaarb: VGA device added: decodes=io+mem,owns=io+mem,locks=none
[    0.680004] pci 0000:00:02.0: vgaarb: bridge control possible
[    0.684004] vgaarb: loaded
[    0.688122] ACPI: bus type USB registered
[    0.692049] usbcore: registered new interface driver usbfs
[    0.696013] usbcore: registered new interface driver hub
[    0.700011] usbcore: registered new device driver usb
[    0.704342] EDAC MC: Ver: 3.0.0
[    0.712993] PCI: Using ACPI for IRQ routing
[    0.717192] NetLabel: Initializing
[    0.720003] NetLabel:  domain hash size = 128
[    0.724003] NetLabel:  protocols = UNLABELED CIPSOv4 CALIPSO
[    0.728173] NetLabel:  unlabeled traffic allowed by default
[    0.732271] clocksource: Switched to clocksource kvm-clock
[    0.742428] VFS: Disk quotas dquot_6.6.0
[    0.742428] VFS: Dquot-cache hash table entries: 512 (order 0, 4096 bytes)
[    0.742428] AppArmor: AppArmor Filesystem Enabled
[    0.742428] pnp: PnP ACPI init
[    0.742428] pnp: PnP ACPI: found 3 devices
[    0.877219] clocksource: acpi_pm: mask: 0xffffff max_cycles: 0xffffff, max_idle_ns: 2085701024 ns
[    0.880190] NET: Registered protocol family 2
[    0.880190] IP idents hash table entries: 32768 (order: 6, 262144 bytes)
[    0.902282] TCP established hash table entries: 16384 (order: 5, 131072 bytes)
[    0.911558] TCP bind hash table entries: 16384 (order: 6, 262144 bytes)
[    0.914805] TCP: Hash tables configured (established 16384 bind 16384)
[    0.931179] UDP hash table entries: 1024 (order: 3, 32768 bytes)
[    0.938313] UDP-Lite hash table entries: 1024 (order: 3, 32768 bytes)
[    0.942091] NET: Registered protocol family 1
[    0.942091] pci 0000:00:00.0: Limiting direct PCI/PCI transfers
[    0.942091] pci 0000:00:01.0: Activating ISA DMA hang workarounds
[    0.942091] pci 0000:00:02.0: Video device with shadowed ROM at [mem 0x000c0000-0x000dffff]
[    0.942091] Unpacking initramfs...
[    1.608792] Freeing initrd memory: 19532K
[    1.614938] clocksource: tsc: mask: 0xffffffffffffffff max_cycles: 0x3109e160efb, max_idle_ns: 440795363177 ns
[    1.626430] platform rtc_cmos: registered platform RTC device (no PNP device found)
[    1.635186] Scanning for low memory corruption every 60 seconds
[    1.644647] Initialise system trusted keyrings
[    1.649783] Key type blacklist registered
[    1.655273] workingset: timestamp_bits=36 max_order=19 bucket_order=0
[    1.666062] zbud: loaded
[    1.670815] squashfs: version 4.0 (2009/01/31) Phillip Lougher
[    1.678606] fuse init (API version 7.26)
[    1.706951] Key type asymmetric registered
[    1.711713] Asymmetric key parser 'x509' registered
[    1.717352] Block layer SCSI generic (bsg) driver version 0.4 loaded (major 246)
[    1.726649] io scheduler noop registered
[    1.731262] io scheduler deadline registered
[    1.736291] io scheduler cfq registered (default)
[    1.742786] ACPI: AC Adapter [AC] (on-line)
[    1.747793] input: Power Button as /devices/LNXSYSTM:00/LNXPWRBN:00/input/input0
[    1.756673] ACPI: Power Button [PWRF]
[    1.761408] input: Sleep Button as /devices/LNXSYSTM:00/LNXSLPBN:00/input/input1
[    1.769781] ACPI: Sleep Button [SLPF]
[    1.775476] Serial: 8250/16550 driver, 32 ports, IRQ sharing enabled
[    1.811692] 00:02: ttyS0 at I/O 0x3f8 (irq = 4, base_baud = 115200) is a 16550A
[    1.814653] Linux agpgart interface v0.103
[    1.836580] loop: module loaded
[    1.846287] scsi host0: ata_piix
[    1.851732] scsi host1: ata_piix
[    1.855776] ata1: PATA max UDMA/33 cmd 0x1f0 ctl 0x3f6 bmdma 0xd000 irq 14
[    1.859689] ata2: PATA max UDMA/33 cmd 0x170 ctl 0x376 bmdma 0xd008 irq 15
[    1.874450] tun: Universal TUN/TAP device driver, 1.6
[    1.880383] PPP generic driver version 2.4.2
[    1.884294] ehci_hcd: USB 2.0 'Enhanced' Host Controller (EHCI) Driver
[    1.884294] ehci-pci: EHCI PCI platform driver
[    1.884294] ehci-platform: EHCI generic platform driver
[    1.884294] ohci_hcd: USB 1.1 'Open' Host Controller (OHCI) Driver
[    1.884294] ohci-pci: OHCI PCI platform driver
[    1.884294] ohci-platform: OHCI generic platform driver
[    1.920398] uhci_hcd: USB Universal Host Controller Interface driver
[    1.924332] i8042: PNP: PS/2 Controller [PNP0303:PS2K,PNP0f03:PS2M] at 0x60,0x64 irq 1,12
[    1.940619] serio: i8042 KBD port at 0x60,0x64 irq 1
[    1.946384] serio: i8042 AUX port at 0x60,0x64 irq 12
[    1.952409] mousedev: PS/2 mouse device common for all mice
[    1.964800] input: AT Translated Set 2 keyboard as /devices/platform/i8042/serio0/input/input2
[    1.975516] rtc_cmos rtc_cmos: rtc core: registered rtc_cmos as rtc0
[    1.984537] rtc_cmos rtc_cmos: alarms up to one day, 114 bytes nvram
[    1.992791] i2c /dev entries driver
[    1.997718] device-mapper: uevent: version 1.0.3
[    2.004585] device-mapper: ioctl: 4.37.0-ioctl (2017-09-20) initialised: dm-devel@redhat.com
[    2.015392] ledtrig-cpu: registered to indicate activity on CPUs
[    2.026051] NET: Registered protocol family 10
[    2.110936] Segment Routing with IPv6
[    2.116098] NET: Registered protocol family 17
[    2.122612] Key type dns_resolver registered
[    2.129657] mce: Using 0 MCE banks
[    2.134460] RAS: Correctable Errors collector initialized.
[    2.141324] sched_clock: Marking stable (2141264265, 0)->(3718953302, -1577689037)
[    2.156772] registered taskstats version 1
[    2.162175] Loading compiled-in X.509 certificates
[    2.174178] Loaded X.509 cert 'Build time autogenerated kernel key: 979a73de01c113c656ad15d85e66cc9cfc8996b6'
[    2.186210] Loaded X.509 cert 'Canonical Ltd. Live Patch Signing: 14df34d1a87cf37625abec039ef2bf521249b969'
[    2.198023] Loaded X.509 cert 'Canonical Ltd. Kernel Module Signing: 88f752e560a1e0737e31163a466ad7b70a850c19'
[    2.209703] blacklist: Loading compiled-in revocation X.509 certificates
[    2.217627] Loaded X.509 cert 'Canonical Ltd. Secure Boot Signing: 61482aa2830d0ab2ad5af10b7250da9033ddcef0'
[    2.229223] zswap: loaded using pool lzo/zbud
[    2.247792] Key type big_key registered
[    2.253189] Key type trusted registered
[    2.263086] Key type encrypted registered
[    2.268391] AppArmor: AppArmor sha1 policy hashing enabled
[    2.275126] ima: No TPM chip found, activating TPM-bypass! (rc=-19)
[    2.282849] ima: Allocated hash algorithm: sha1
[    2.288821] evm: HMAC attrs: 0x1
[    2.294115]   Magic number: 10:49:739
[    2.300274] rtc_cmos rtc_cmos: setting system clock to 2022-06-25 14:43:31 UTC (1656168211)
[    2.310698] BIOS EDD facility v0.16 2004-Jun-25, 0 devices found
[    2.317938] EDD information not available.
[    2.326973] Freeing unused kernel image memory: 2468K
[    2.348886] Write protecting the kernel read-only data: 20480k
[    2.357327] Freeing unused kernel image memory: 2008K
[    2.364132] Freeing unused kernel image memory: 1820K
[    2.376540] x86/mm: Checked W+X mappings: passed, no W+X pages found.
[    2.384353] x86/mm: Checking user space page tables
[    2.396115] x86/mm: Checked W+X mappings: passed, no W+X pages found.
Loading, please wait...
starting version 237
[    2.517133] Fusion MPT base driver 3.04.20
[    2.522837] Copyright (c) 1999-2008 LSI Corporation
[    2.530470] e1000: Intel(R) PRO/1000 Network Driver - version 7.3.21-k8-NAPI
[    2.538830] e1000: Copyright (c) 1999-2006 Intel Corporation.
[    2.556249] Fusion MPT SPI Host driver 3.04.20
[    2.569211] mptbase: ioc0: Initiating bringup
[    2.674700] ioc0: LSI53C1030 A0: Capabilities={Initiator}
[    2.790539] input: ImExPS/2 Generic Explorer Mouse as /devices/platform/i8042/serio1/input/input4
[    2.951533] scsi host2: ioc0: LSI53C1030 A0, FwRev=00000000h, Ports=1, MaxQ=256, IRQ=20
[    3.132379] scsi 2:0:0:0: Direct-Access     VBOX     HARDDISK         1.0  PQ: 0 ANSI: 5
[    3.771631] scsi target2:0:0: Beginning Domain Validation
[    3.831889] scsi target2:0:0: Domain Validation skipping write tests
[    3.838917] scsi target2:0:0: Ending Domain Validation
[    3.845095] scsi target2:0:0: asynchronous
[    3.850625] random: fast init done
[    3.855879] scsi 2:0:1:0: Direct-Access     VBOX     HARDDISK         1.0  PQ: 0 ANSI: 5
[    4.060904] random: systemd-udevd: uninitialized urandom read (16 bytes read)
[    4.068927] random: systemd-udevd: uninitialized urandom read (16 bytes read)
[    4.076621] random: systemd-udevd: uninitialized urandom read (16 bytes read)
[    4.084771] e1000 0000:00:03.0 eth0: (PCI:33MHz:32-bit) 02:77:ed:63:d5:e3
[    4.092151] e1000 0000:00:03.0 eth0: Intel(R) PRO/1000 Network Connection
[    4.601628] scsi target2:0:1: Beginning Domain Validation
[    4.763276] scsi target2:0:1: Domain Validation skipping write tests
[    4.772813] scsi target2:0:1: Ending Domain Validation
[    4.781335] scsi target2:0:1: asynchronous
[    4.808636] sd 2:0:0:0: [sda] 83886080 512-byte logical blocks: (42.9 GB/40.0 GiB)
[    4.817898] sd 2:0:0:0: Attached scsi generic sg0 type 0
[    4.825261] sd 2:0:0:0: [sda] Write Protect is off
[    4.831968] sd 2:0:1:0: Attached scsi generic sg1 type 0
[    4.839753] sd 2:0:0:0: [sda] Incomplete mode parameter data
[    4.844812] sd 2:0:1:0: [sdb] 20480 512-byte logical blocks: (10.5 MB/10.0 MiB)
[    4.847977] sd 2:0:0:0: [sda] Assuming drive cache: write through
[    4.868619] sd 2:0:1:0: [sdb] Write Protect is off
[    4.876382] sd 2:0:1:0: [sdb] Incomplete mode parameter data
[    4.883735] sd 2:0:1:0: [sdb] Assuming drive cache: write through
[    4.903357]  sda: sda1
[    4.925755] sd 2:0:0:0: [sda] Attached SCSI disk
[    4.935508] sd 2:0:1:0: [sdb] Attached SCSI disk
[    5.156819] e1000 0000:00:08.0 eth1: (PCI:33MHz:32-bit) 08:00:27:84:90:b2
[    5.165062] e1000 0000:00:08.0 eth1: Intel(R) PRO/1000 Network Connection
[    5.177437] e1000 0000:00:08.0 enp0s8: renamed from eth1
[    5.203248] e1000 0000:00:03.0 enp0s3: renamed from eth0
Begin: Loading essential drivers ... [    9.012470] raid6: sse2x1   gen() 221238 MB/s
[   10.013340] raid6: sse2x1   xor() 168638 MB/s
[   11.017415] raid6: sse2x2   gen() 282433 MB/s
[   13.008216] raid6: sse2x2   xor() 190414 MB/s
[   13.074365] raid6: sse2x4   gen() 17029 MB/s
[   13.128485] raid6: sse2x4   xor()  9055 MB/s
[   13.134169] raid6: using algorithm sse2x2 gen() 282433 MB/s
[   13.141650] raid6: .... xor() 190414 MB/s, rmw enabled
[   13.148142] raid6: using ssse3x2 recovery algorithm
[   13.157624] xor: measuring software checksum speed
[   13.200220]    prefetch64-sse: 17571.000 MB/sec
[   13.244154]    generic_sse: 19762.000 MB/sec
[   13.249215] xor: using function: generic_sse (19762.000 MB/sec)
[   13.258314] async_tx: api initialized (async)
done.
Begin: Running /scripts/init-premount ... done.
Begin: Mounting root file system ... Begin: Running /scripts/local-top ... done.
Begin: Running /scripts/local-premount ... [   13.341920] Btrfs loaded, crc32c=crc32c-intel
Scanning for Btrfs filesystems
done.
Warning: fsck not present, so skipping root file system
[   13.418073] EXT4-fs (sda1): mounted filesystem with ordered data mode. Opts: (null)
done.
Begin: Running /scripts/local-bottom ... done.
Begin: Running /scripts/init-bottom ... done.
[   13.728764] ip_tables: (C) 2000-2006 Netfilter Core Team
[   13.754087] systemd[1]: systemd 237 running in system mode. (+PAM +AUDIT +SELINUX +IMA +APPARMOR +SMACK +SYSVINIT +UTMP +LIBCRYPTSETUP +GCRYPT +GNUTLS +ACL +XZ +LZ4 +SECCOMP +BLKID +ELFUTILS +KMOD -IDN2 +IDN -PCRE2 default-hierarchy=hybrid)
[   13.805096] systemd[1]: Detected virtualization oracle.
[   13.870458] systemd[1]: Detected architecture x86-64.

Welcome to [1mUbuntu 18.04.6 LTS[0m!

[   14.049644] systemd[1]: Set hostname to <ubuntu>.
[   14.066956] systemd[1]: Initializing machine ID from random generator.
[   14.074938] systemd[1]: Installed transient /etc/machine-id file.
[   14.556768] systemd[1]: Created slice System Slice.
[[0;32m  OK  [0m] Created slice System Slice.
[   14.567975] systemd[1]: Listening on Network Service Netlink Socket.
[[0;32m  OK  [0m] Listening on Network Service Netlink Socket.
[   14.581288] systemd[1]: Listening on Journal Socket.
[[0;32m  OK  [0m] Listening on Journal Socket.
[   14.594047] systemd[1]: Mounting Huge Pages File System...
         Mounting Huge Pages File System...
[[0;32m  OK  [0m] Listening on Journal Audit Socket.
[[0;32m  OK  [0m] Listening on Device-mapper event daemon FIFOs.
         Mounting Kernel Debug File System...
[[0;32m  OK  [0m] Listening on /dev/initctl Compatibility Named Pipe.
[[0;32m  OK  [0m] Listening on fsck to fsckd communication Socket.
         Starting Set the console keyboard layout...
[[0;32m  OK  [0m] Started Forward Password Requests to Wall Directory Watch.
[[0;32m  OK  [0m] Listening on LVM2 metadata daemon socket.
         Starting Monitoring of LVM2 mirrorsâ€¦ng dmeventd or progress polling...
[[0;32m  OK  [0m] Listening on udev Kernel Socket.
[[0;32m  OK  [0m] Reached target Swap.
         Mounting POSIX Message Queue File System...
[[0;32m  OK  [0m] Reached target System Time Synchronized.
         Starting Uncomplicated firewall...
         Starting File System Check on Root Device...
[[0;32m  OK  [0m] Listening on udev Control Socket.
         Starting udev Coldplug all Devices...
[[0;32m  OK  [0m] Reached target User and Group Name Lookups.
         Starting Load Kernel Modules...
[[0;32m  OK  [0m] Created slice User and Session Slice.
[[0;32m  OK  [0m] Reached target Slices.
[[0;32m  OK  [0m] Listening on LVM2 poll daemon socket.
[[0;32m  OK  [0m] Listening on Syslog Socket.
[[0;32m  OK  [0m] Created slice system-serial\x2dgetty.slice.
[[0;32m  OK  [0m] Set up automount Arbitrary Executabâ€¦rmats File System Automount Point.
[   14.776642] Loading iSCSI transport class v2.0-870.
         Starting Create list of required stâ€¦ce nodes for the current kernel...
[[0;32m  OK  [0m] Listening on Journal Socket (/dev/log).
         Starting Journal Service...
[[0;32m  OK  [0m] Mounted Huge Pages File System.
[[0;32m  OK  [0m] Mounted Kernel Debug File System.
[[0;32m  OK  [0m] Mounted POSIX Message Queue File System.
[[0;32m  OK  [0m] Started Uncomplicated firewall.
[[0;32m  OK  [0m] Started File System Check on Root Device.
[[   14.876869] iscsi: registered transport (tcp)
[0;32m  OK  [0m] Started Create list of required staâ€¦vice nodes for the current kernel.
[[0;32m  OK  [0m] Started File System Check Daemon to report status.
[[0;32m  OK  [0m] Started LVM2 metadata daemon.
         Starting Create Static Device Nodes in /dev...
         Starting Remount Root and Kernel File Systems...
[[0;32m  OK  [0m] Started Journal Service.
[   14.956539] iscsi: registered transport (iser)
[[0;32m  OK  [0m] Started Load Kernel Modules.
         Mounting FUSE Control File System...
         Mounting Kernel Configuration File System...
         Starting Apply Kernel Variables...
[[0;32m  OK  [0m] Mounted FUSE Control File System.
[[0;32m  OK  [0m] Mounted Kernel Configuration File System.
[[0;32m  OK  [0m] Started Create Static Device Nodes in /dev.
[[0;32m  OK  [0m] Started udev Coldplug all Devices.
[[0;32m  OK  [0m] Started Remount Root and Kernel File Systems.
[[0;32m  OK  [0m] Started Apply Kernel Variables.
[[0;32m  OK  [0m] Started Monitoring of LVM2 mirrors,â€¦sing dmeventd or progress polling.
         Starting udev Kernel Device Manager...
         Starting Load/Save Random Seed...
         Starting Flush Journal to Persistent Storage...
[[0;32m  OK  [0m] Started Load/Save Random Seed.
[[0;32m  OK  [0m] Started udev Kernel Device Manager.
[[0;32m  OK  [0m] Started Flush Journal to Persistent Storage.
[[0;32m  OK  [0m] Found device /dev/ttyS0.
[[0;32m  OK  [0m] Listening on Load/Save RF Kill Switch Status /dev/rfkill Watch.
[[0;32m  OK  [0m] Started Set the console keyboard layout.
[[0;32m  OK  [0m] Started Dispatch Password Requests to Console Directory Watch.
[[0;32m  OK  [0m] Reached target Local Encrypted Volumes.
[[0;32m  OK  [0m] Reached target Local File Systems (Pre).
[[0;32m  OK  [0m] Reached target Local File Systems.
         Starting Set console font and keymap...
         Starting AppArmor initialization...
         Starting Tell Plymouth To Write Out Runtime Data...
         Starting ebtables ruleset management...
         Starting Commit a transient machine-id on disk...
         Starting Create Volatile Files and Directories...
[[0;32m  OK  [0m] Started Tell Plymouth To Write Out Runtime Data.
[[0;32m  OK  [0m] Started Create Volatile Files and Directories.
         Starting Update UTMP about System Boot/Shutdown...
[[0;32m  OK  [0m] Started Update UTMP about System Boot/Shutdown.
[[0;32m  OK  [0m] Started Commit a transient machine-id on disk.
[[0;32m  OK  [0m] Started ebtables ruleset management.
[[0;32m  OK  [0m] Started AppArmor initialization.
         Starting Initial cloud-init job (pre-networking)...
         Starting Load AppArmor profiles managed internally by snapd...
[[0;32m  OK  [0m] Started Load AppArmor profiles managed internally by snapd.
[[0;32m  OK  [0m] Started Set console font and keymap.
[   19.962936] cloud-init[754]: Cloud-init v. 22.2-0ubuntu1~18.04.2 running 'init-local' at Sat, 25 Jun 2022 14:43:48 +0000. Up 19.48 seconds.
[[0;32m  OK  [0m] Started Initial cloud-init job (pre-networking).
[[0;32m  OK  [0m] Reached target Network (Pre).
         Starting Network Service...
[[0;32m  OK  [0m] Started Network Service.
         Starting Network Name Resolution...
         Starting Wait for Network to be Configured...
[[0;32m  OK  [0m] Started Network Name Resolution.
[[0;32m  OK  [0m] Reached target Network.
[[0;32m  OK  [0m] Reached target Host and Network Name Lookups.
[[0;32m  OK  [0m] Started Wait for Network to be Configured.
         Starting Initial cloud-init job (metadata service crawler)...
[   21.964406] cloud-init[903]: Cloud-init v. 22.2-0ubuntu1~18.04.2 running 'init' at Sat, 25 Jun 2022 14:43:50 +0000. Up 21.76 seconds.
[   21.982152] cloud-init[903]: ci-info: ++++++++++++++++++++++++++++++++++++++Net device info+++++++++++++++++++++++++++++++++++++++
[   21.991260] cloud-init[903]: ci-info: +--------+-------+----------------------------+---------------+--------+-------------------+
[   22.000125] cloud-init[903]: ci-info: | Device |   Up  |          Address           |      Mask     | Scope  |     Hw-Address    |
[   22.008981] cloud-init[903]: ci-info: +--------+-------+----------------------------+---------------+--------+-------------------+
[   22.017433] cloud-init[903]: ci-info: | enp0s3 |  True |         10.0.2.15          | 255.255.255.0 | global | 02:77:ed:63:d5:e3 |
[   22.029464] cloud-init[903]: ci-info: | enp0s3 |  True | fe80::77:edff:fe63:d5e3/64 |       .       |  link  | 02:77:ed:63:d5:e3 |
[   22.038067] cloud-init[903]: ci-info: | enp0s8 | False |             .              |       .       |   .    | 08:00:27:84:90:b2 |
[   22.047250] cloud-init[903]: ci-info: |   lo   |  True |         127.0.0.1          |   255.0.0.0   |  host  |         .         |
[   22.056405] cloud-init[903]: ci-info: |   lo   |  True |          ::1/128           |       .       |  host  |         .         |
[   22.065322] cloud-init[903]: ci-info: +--------+-------+----------------------------+---------------+--------+-------------------+
[   22.074293] cloud-init[903]: ci-info: ++++++++++++++++++++++++++++Route IPv4 info+++++++++++++++++++++++++++++
[   22.082247] cloud-init[903]: ci-info: +-------+-------------+----------+-----------------+-----------+-------+
[   22.090682] cloud-init[903]: ci-info: | Route | Destination | Gateway  |     Genmask     | Interface | Flags |
[   22.098658] cloud-init[903]: ci-info: +-------+-------------+----------+-----------------+-----------+-------+
[   22.106656] cloud-init[903]: ci-info: |   0   |   0.0.0.0   | 10.0.2.2 |     0.0.0.0     |   enp0s3  |   UG  |
[   22.114396] cloud-init[903]: ci-info: |   1   |   10.0.2.0  | 0.0.0.0  |  255.255.255.0  |   enp0s3  |   U   |
[   22.122056] cloud-init[903]: ci-info: |   2   |   10.0.2.2  | 0.0.0.0  | 255.255.255.255 |   enp0s3  |   UH  |
[   22.129942] cloud-init[903]: ci-info: +-------+-------------+----------+-----------------+-----------+-------+
[   22.137672] cloud-init[903]: ci-info: +++++++++++++++++++Route IPv6 info+++++++++++++++++++
[   22.144994] cloud-init[903]: ci-info: +-------+-------------+---------+-----------+-------+
[   22.151934] cloud-init[903]: ci-info: | Route | Destination | Gateway | Interface | Flags |
[   22.161416] cloud-init[903]: ci-info: +-------+-------------+---------+-----------+-------+
[   22.171305] cloud-init[903]: ci-info: |   1   |  fe80::/64  |    ::   |   enp0s3  |   U   |
[   22.180048] cloud-init[903]: ci-info: |   3   |    local    |    ::   |   enp0s3  |   U   |
[   22.189887] cloud-init[903]: ci-info: |   4   |   ff00::/8  |    ::   |   enp0s3  |   U   |
[   22.199905] cloud-init[903]: ci-info: +-------+-------------+---------+-----------+-------+
[   23.280824] cloud-init[903]: Generating public/private rsa key pair.
[   23.287530] cloud-init[903]: Your identification has been saved in /etc/ssh/ssh_host_rsa_key.
[   23.294882] cloud-init[903]: Your public key has been saved in /etc/ssh/ssh_host_rsa_key.pub.
[   23.301977] cloud-init[903]: The key fingerprint is:
[   23.307830] cloud-init[903]: SHA256:JXcy1hWACiTWZIdXFx6FiGKjUDVce+hYcTJGD9tBqf8 root@ubuntu-bionic
[   23.315297] cloud-init[903]: The key's randomart image is:
[   23.321382] cloud-init[903]: +---[RSA 2048]----+
[   23.327095] cloud-init[903]: |   .+**+X+=+==+. |
[   23.332844] cloud-init[903]: |  .. oO+o%+=.o   |
[   23.338425] cloud-init[903]: |   . o =*oX +    |
[   23.344399] [[0;32m  OK  [0m] Started Initial cloud-init job (metadata service crawler).
[[0;32m  OK  [0m] Reached target Cloud-config availability.
[[0;32m  OK  [0m] Reached target Network is Online.
cloud-init[[0;32m  OK  [0m] Reached target Remote File Systems (Pre).
[[0;32m  OK  [0m] Reached target Remote File Systems.
         Starting Availability of block devices...
[[0;32m  OK  [0m] [903]: |    .  +o* +     |
[   23.357256] cloud-init[903]: |      . S.       |
[   23.357839] cloud-init[903]: |          .      |
[   23.358179] cloud-init[903]: |           .     |
[   23.358649] cloud-init[903]: |            E    |
[   23.361309] cloud-init[903]: |                 |
[   23.361759] cloud-init[903]: +----[SHA256]-----+
[   23.362788] cloud-init[903]: Generating public/private dsa key pair.
[   23.363821] cloud-init[903]: Your identification has been saved in /etc/ssh/ssh_host_dsa_key.
[   23.364825] cloud-init[903]: Your public key has been saved in /etc/ssh/ssh_host_dsa_key.pub.
[   23.365271] cloud-init[903]: The key fingerprint is:
[   23.366293] cloud-init[903]: SHA256:40GniscPYQlxajYKQkgGr1FQeov9/shBbOcYTTILHCU root@ubuntu-bionic
[   23.366772] cloud-init[903]: The key's randomart image is:
Reached target System Initialization.
         Starting Socket activation for snappy daemon.
[[0;32m  OK  [0m] Started Message of the Day.
[[0;32m  OK  [0m] Started Ubuntu Advantage Timer for running repeated jobs.
[[0;32m  OK  [0m] Started Daily Cleanup of Temporary Directories.
[   23.367881] cloud-init[903]: +---[DSA 1024]----+
[   23.373566] cloud-init[903]: |**E.o .          |
[   23.374012] cloud-init[903]: |+= o +           |
[   23.375118] cloud-init[903]: |= = O . . .      |
[   23.376707] cloud-init[903]: |.B B O o o       |
[   23.377208] cloud-init[903]: |o + * * S        |
[   23.378234] cloud-init[903]: |   + O + o       |
[[0;32m  OK  [0m] Listening on UUID daemon activation socket.
[[0;32m  OK  [0m] Started Daily apt download activities.
[[0;32m  OK  [0m] Started Daily apt upgrade and clean activities.
[[0;32m  OK  [0m] Started Discard unused blocks once a week.
[[0;32m  OK  [0m] Reached target Timers.
[[0;32m  OK  [0m] Listening on cloud-init hotplug hook socket.
[[0;32m  OK  [0m] Started ACPI Events Check.
[[0;32m  OK  [0m] Listening on D-Bus System Message Bus Socket.
[[0;32m  OK  [0m] Listening on ACPID Listen Socket.
[[0;32m  OK  [0m] Started Trigger to poll for Ubuntu â€¦(Only enabled on GCP LTS non-pro).
[[0;32m  OK  [0m] Reached target Paths.
[[0;32m  OK  [0m] Listening on Open-iSCSI iscsid Socket.
[   23.379256] cloud-init[903]: |    = * .        |
         Starting LXD - unix socket.
[   23.438089] [[0;32m  OK  [0m] Started Availability of block devices.
[[0;32m  OK  [0m] Listening on Socket activation for snappy daemon.
[[0;32m  OK  [0m] Listening on LXD - unix socket.
[[0;32m  OK  [0m] Reached target Sockets.
[[0;32m  OK  [0m] Reached target Basic System.
[[0;32m  OK  [0m] Started irqbalance daemon.
[[0;32m  OK  [0m] Started D-Bus System Message Bus.
cloud-init[903]: |   o + o         |
[   23.461153] cloud-init[903]: |    +.. .        |
[   23.470041] cloud-init[903]: +----[SHA256]-----+
[   23.487158] cloud-init[903]: Generating public/private ecdsa key pair.
[   23.495404] cloud-init[903]: Your identification has been saved in /etc/ssh/ssh_host_ecdsa_key.
[   23.505227] cloud-init[903]: Your public key has been saved in /etc/ssh/ssh_host_ecdsa_key.pub.
[   23.514376] cloud-init[903]: The key fingerprint is:
[   23.522099] cloud-init[903]: SHA256:A66deWWRrkzSXirFSwpRYC/1BrJhITMR2obMseaqCGk root@ubuntu-bionic
[   23.530714] cloud-init[903]: The key's randomart image is:
[   23.539473] cloud-init[903]: +---[ECDSA 256]---+
         Starting Login Service...
[   23.551961] cloud-init[[0;32m  OK  [0m] Started Regular background program processing daemon.
         Starting LXD - container startup/shutdown...
         Starting Accounts Service...
         Starting Virtualbox guest utils...
[903]: | .*oBo+          |[[0;32m  OK  [0m] Started Deferred execution scheduler.

         Starting LSB: automatic crash report generation...
[[0;32m  OK  [0m] Started FUSE filesystem for LXC.
         Starting System Logging Service...
[   23.585595] cloud-init[903]: |o+o* B o   .     |
[   23.598956] cloud-init[903]: |o=o + o o o      |         Starting Pollinate to seed the pseudo random number generator...

[   23.611247] cloud-init[903]: |o.   + = . .     |
[   23.618577] cloud-init[903]: | .  . o S =      |
[   23.630309] cloud-init[903]: |..   + @ O       |
[   23.638134] cloud-init[903]: |+E  . * B        |
[   23.645331] cloud-init[903]: |=      o         |
[   23.651317] cloud-init[903]: |o                |
[   23.658279] cloud-init[903]: +----[SHA256]-----+
[   23.664291] cloud-init[903]: Generating public/private ed25519 key pair.
[   23.671931] cloud-init[903]: Your identification has been saved in /etc/ssh/ssh_host_ed25519_key.
[   23.686227] cloud-init[903]: Your public key has been saved in /etc/ssh/ssh_host_ed25519_key.pub.
[   23.694578] cloud-init[903]: The key fingerprint is:
[   23.701042] cloud-init[903]: SHA256:KaQ0kSRVxSo+Y2afjFKT3PxapPCh1BD0LO0N+uRxxkw root@ubuntu-bionic
[   23.708439] cloud-init         Starting Dispatcher daemon for systemd-networkd...
[903]: The key's randomart image is:
[   23.725409] cloud-init[903]: +--[ED25519 256]--+
[   23.733724] cloud-init[903]: |  .+*o.o.        |
[   23.745362] cloud-init[903]: |   ..*  .        |
[   23.755382] cloud-init[903]: |    = *.E        |
[   23.757959] cloud-init[903]: |   ..X.* .       |
[   23.760352] cloud-init[903]: |   o==B S        |
[   23.762966] cloud-init[903]: |   .%BoO         |
[   23.765183] cloud-init[903]: |   =.B=o.        |
[   23.767240] cloud-init[903]: |  . . +..        |
[   23.774477] cloud-init[903]: |   .  ..         |
[   23.778775] cloud-init[903]: +----[SHA256]-----+
         Starting Snap Daemon...
         Starting LSB: Record successful boot for GRUB...
         Starting Permit User Sessions...
[[0;32m  OK  [0m] Started System Logging Service.
[[0;32m  OK  [0m] Started Login Service.
[[0;32m  OK  [0m] Started Unattended Upgrades Shutdown.
[[0;32m  OK  [0m] Started Permit User Sessions.
         Starting Hold until boot process finishes up...
         Starting Terminate Plymouth Boot Screen...
[[0;32m  OK  [0m] Started Hold until boot process finishes up.
         Starting Set console scheme...
[[0;32m  OK  [0m] Started Serial Getty on ttyS0.
[[0;32m  OK  [0m] Started Terminate Plymouth Boot Screen.
[[0;32m  OK  [0m] Started LSB: automatic crash report generation.
[[0;32m  OK  [0m] Started Set console scheme.
[[0;32m  OK  [0m] Created slice system-getty.slice.
[[0;32m  OK  [0m] Started Getty on tty1.
[[0;32m  OK  [0m] Reached target Login Prompts.
         Starting Authorization Manager...
[[0;32m  OK  [0m] Started LSB: Record successful boot for GRUB.
[[0;32m  OK  [0m] Started Authorization Manager.
[[0;32m  OK  [0m] Started Accounts Service.
[[0;32m  OK  [0m] Started Virtualbox guest utils.
[[0;32m  OK  [0m] Started LXD - container startup/shutdown.
[[0;32m  OK  [0m] Started Dispatcher daemon for systemd-networkd.
[[0;32m  OK  [0m] Started Pollinate to seed the pseudo random number generator.
         Starting OpenBSD Secure Shell server...
[[0;32m  OK  [0m] Started OpenBSD Secure Shell server.
[[0;32m  OK  [0m] Started Snap Daemon.
         Starting Wait until snapd is fully seeded...
         Starting Time & Date Service...
[[0;32m  OK  [0m] Started Time & Date Service.
[[0;32m  OK  [0m] Created slice User Slice of vagrant.
         Starting User Manager for UID 1000...
[[0;32m  OK  [0m] Started Session 1 of user vagrant.
[[0;32m  OK  [0m] Started User Manager for UID 1000.
[[0;32m  OK  [0m] Started Wait until snapd is fully seeded.
[[0;32m  OK  [0m] Reached target Multi-User System.
[[0;32m  OK  [0m] Reached target Graphical Interface.
         Starting Update UTMP about System Runlevel Changes...
         Starting Apply the settings specified in cloud-config...
[[0;32m  OK  [0m] Started Update UTMP about System Runlevel Changes.
[   29.557550] cloud-init[1410]: Cloud-init v. 22.2-0ubuntu1~18.04.2 running 'modules:config' at Sat, 25 Jun 2022 14:43:57 +0000. Up 28.14 seconds.

Ubuntu 18.04.6 LTS ubuntu-bionic ttyS0

ubuntu-bionic login: ci-info: no authorized SSH keys fingerprints found for user ubuntu.
<14>Jun 25 14:43:59 cloud-init: #############################################################
<14>Jun 25 14:43:59 cloud-init: -----BEGIN SSH HOST KEY FINGERPRINTS-----
<14>Jun 25 14:43:59 cloud-init: 1024 SHA256:40GniscPYQlxajYKQkgGr1FQeov9/shBbOcYTTILHCU root@ubuntu-bionic (DSA)
<14>Jun 25 14:43:59 cloud-init: 256 SHA256:A66deWWRrkzSXirFSwpRYC/1BrJhITMR2obMseaqCGk root@ubuntu-bionic (ECDSA)
<14>Jun 25 14:43:59 cloud-init: 256 SHA256:KaQ0kSRVxSo+Y2afjFKT3PxapPCh1BD0LO0N+uRxxkw root@ubuntu-bionic (ED25519)
<14>Jun 25 14:43:59 cloud-init: 2048 SHA256:JXcy1hWACiTWZIdXFx6FiGKjUDVce+hYcTJGD9tBqf8 root@ubuntu-bionic (RSA)
<14>Jun 25 14:43:59 cloud-init: -----END SSH HOST KEY FINGERPRINTS-----
<14>Jun 25 14:43:59 cloud-init: #############################################################
-----BEGIN SSH HOST KEY KEYS-----
ecdsa-sha2-nistp256 AAAAE2VjZHNhLXNoYTItbmlzdHAyNTYAAAAIbmlzdHAyNTYAAABBBMEVwwwQAYiapBWoICvtZN6dYZoHeWL3LNWXOo0Y8p1BWn/5/cAfjFXRygbArm6IlZdd/foTw/eGSJQDuaOgerU= root@ubuntu-bionic
ssh-ed25519 AAAAC3NzaC1lZDI1NTE5AAAAIDn8eTa5Oa0UzFfIkU+MtLfWKr9XE/tI9qaTiBrdXAPI root@ubuntu-bionic
ssh-rsa AAAAB3NzaC1yc2EAAAADAQABAAABAQCw2O+ZETMOT1DCK/4KTXlRaVhOLu34EMSk9wOFN7bpZEmpHKkWiscX3kWj3hqphfkWP9u+Q+HWadgIxpq9ZKc5Zl5Fs4SRFwb/CDeq3Flwe7ahIlQmMOmmAnXEcDHRYXcZF5miRrUxIVUvvl2Sc/NJ/ydtUYrhMo+aiTWqfAyEbHDNf0Ius/uvUaXIVI8vuNip7cNirRmNz3Yg4noqPHEUaKc/9Xe7kxjbcI1cCcpTC5U54DAU/LvCDuxAB8YDFqgun32YTGxNz3ENRRdKbwx3fVyHdRLh1YEVMawX+680+wgMkZMqgW2LqA743Sw215Nx96dFa6r5fM9JLDAPzY5L root@ubuntu-bionic
-----END SSH HOST KEY KEYS-----
[   30.448802] cloud-init[1532]: Cloud-init v. 22.2-0ubuntu1~18.04.2 running 'modules:final' at Sat, 25 Jun 2022 14:43:59 +0000. Up 30.17 seconds.
[   30.449910] cloud-init[1532]: Cloud-init v. 22.2-0ubuntu1~18.04.2 finished at Sat, 25 Jun 2022 14:43:59 +0000. Datasource DataSourceNoCloud [seed=/dev/sdb][dsmode=net].  Up 30.43 seconds
